// Jest Snapshot v1, https://goo.gl/fbAQLP

exports[`<Entrance /> renders correctly 1`] = `null`;
